// Jest Snapshot v1, https://goo.gl/fbAQLP

exports[`SimpleLogger basic should contractor ok 1`] = `"[33mtest[39m"`;
